// Jest Snapshot v1, https://goo.gl/fbAQLP

exports[`renders Property Panel with listings 1`] = `
<div>
  <h2
    className="mockClassName-subHeadingText"
  >
    some heading text
  </h2>
  <ul>
    <li>
      <div
        className="mockClassName-container"
      >
        <div
          className="mockClassName-header"
          style={
            Object {
              "backgroundColor": "#000000",
            }
          }
        >
          <img
            alt="Agency logo"
            src="http://i2.au.reastatic.net/agencylogo/WVYSSK/2/20140701084436.gif"
          />
        </div>
        <div
          className="mockClassName-image"
        >
          <img
            alt="Property 9"
            src="http://i2.au.reastatic.net/640x480/5e84d96722dda3ea2a084d6935677f64872d1d760562d530c3cabfcb7bcda9c2/main.jpg"
          />
        </div>
        <div
          className="mockClassName-footer"
        >
          <div
            className="mockClassName-priceHolder"
          >
            $650,000
          </div>
          <button
            className="mockClassName-buttonAddRemove"
            onClick={[Function]}
          >
            some button text
          </button>
        </div>
      </div>
    </li>
    <li>
      <div
        className="mockClassName-container"
      >
        <div
          className="mockClassName-header"
          style={
            Object {
              "backgroundColor": "#111111",
            }
          }
        >
          <img
            alt="Agency logo"
            src="http://i2.au.reastatic.net/agencylogo/WVYSSK/2/20140701084436.gif"
          />
        </div>
        <div
          className="mockClassName-image"
        >
          <img
            alt="Property 5"
            src="http://i2.au.reastatic.net/640x480/5e84d96722dda3ea2a084d6935677f64872d1d760562d530c3cabfcb7bcda9c2/main.jpg"
          />
        </div>
        <div
          className="mockClassName-footer"
        >
          <div
            className="mockClassName-priceHolder"
          >
            $300,000
          </div>
          <button
            className="mockClassName-buttonAddRemove"
            onClick={[Function]}
          >
            some button text
          </button>
        </div>
      </div>
    </li>
  </ul>
</div>
`;

exports[`renders Property Panel with no listing 1`] = `
<div>
  <h2
    className="mockClassName-subHeadingText"
  >
    some heading text
  </h2>
</div>
`;
