// Jest Snapshot v1, https://goo.gl/fbAQLP

exports[`renders Property Panel with listings 1`] = `
<div
  className="mockClassName-wrapper"
>
  <h2
    className="mockClassName-subHeadingText"
  >
    some heading text
  </h2>
  <ul
    className="mockClassName-list"
  >
    <li
      className="mockClassName-item"
    >
      <PropertyCard
        buttonText="some button text"
        handleClick={[Function]}
        listing={
          Object {
            "agency": Object {
              "brandingColors": Object {
                "primary": "#000000",
              },
              "logo": "http://i2.au.reastatic.net/agencylogo/WVYSSK/2/20140701084436.gif",
            },
            "id": "9",
            "mainImage": "http://i2.au.reastatic.net/640x480/5e84d96722dda3ea2a084d6935677f64872d1d760562d530c3cabfcb7bcda9c2/main.jpg",
            "price": "$650,000",
          }
        }
      />
    </li>
    <li
      className="mockClassName-item"
    >
      <PropertyCard
        buttonText="some button text"
        handleClick={[Function]}
        listing={
          Object {
            "agency": Object {
              "brandingColors": Object {
                "primary": "#111111",
              },
              "logo": "http://i2.au.reastatic.net/agencylogo/WVYSSK/2/20140701084436.gif",
            },
            "id": "5",
            "mainImage": "http://i2.au.reastatic.net/640x480/5e84d96722dda3ea2a084d6935677f64872d1d760562d530c3cabfcb7bcda9c2/main.jpg",
            "price": "$300,000",
          }
        }
      />
    </li>
  </ul>
</div>
`;

exports[`renders Property Panel with no listing 1`] = `
<div
  className="mockClassName-wrapper"
>
  <h2
    className="mockClassName-subHeadingText"
  >
    some heading text
  </h2>
</div>
`;
